// Jest Snapshot v1, https://goo.gl/fbAQLP

exports[`withCardHover is rendered correctly 1`] = `<div />`;
