// Jest Snapshot v1, https://goo.gl/fbAQLP

exports[`Should Movies List component render correctly 1`] = `
<div
  className="catalog__movies-list"
>
  <article
    className="small-movie-card catalog__movies-card"
    onMouseEnter={[Function]}
  >
    <div
      className="small-movie-card__image"
    >
      <img
        alt="Some Film"
        height="175"
        src="img/some-poster.jpg"
        width="280"
      />
    </div>
    <h3
      className="small-movie-card__title"
    >
      <a
        className="small-movie-card__link"
        href="movie-page.html"
        onClick={[Function]}
      >
        Some Film
      </a>
    </h3>
  </article>
  <article
    className="small-movie-card catalog__movies-card"
    onMouseEnter={[Function]}
  >
    <div
      className="small-movie-card__image"
    >
      <img
        alt="Another Film"
        height="175"
        src="img/another-poster.jpg"
        width="280"
      />
    </div>
    <h3
      className="small-movie-card__title"
    >
      <a
        className="small-movie-card__link"
        href="movie-page.html"
        onClick={[Function]}
      >
        Another Film
      </a>
    </h3>
  </article>
</div>
`;
