// Jest Snapshot v1, https://goo.gl/fbAQLP

exports[`VideoPlayer is rendered correctly 1`] = `
<video
  className="player__video"
  height="175"
  muted={true}
  poster="img/some-poster.jpg"
  src="https://download.blender.org/durian/trailer/sintel_trailer-480p.mp4"
  width="280"
/>
`;
